Microchip MPLAB XC8 Compiler V2.41

Linker command line:

-W-3 --edf=C:\Users\Asus\Desktop\MPLAB\pic\dat\20230208172133_en.msgs -cn \
  -h+dist/default/production\Seguridad.X.production.sym \
  --cmf=dist/default/production\Seguridad.X.production.cmf -z -Q16F887 \
  -oC:\Users\Asus\AppData\Local\Temp\xcAs3dg.\driver_tmp_3.o \
  --defsym=__MPLAB_BUILD=1 --fixupoverflow=error \
  -Mdist/default/production/Seguridad.X.production.map \
  --md=C:\Users\Asus\AppData\Local\Temp\xcAs3dg.\driver_tmp_0.dat -E1 \
  -ver=XC8 Compiler --acfsm=1493 -ACODE=00h-07FFhx4 -ASTRCODE=00h-01FFFh \
  -ASTRING=00h-0FFhx32 -ACONST=00h-0FFhx32 -AENTRY=00h-0FFhx32 \
  -ACOMMON=070h-07Fh -ABANK0=020h-06Fh -ABANK1=0A0h-0EFh \
  -ABANK2=0110h-016Fh -ABANK3=0190h-01EFh \
  -ARAM=020h-06Fh,0A0h-0EFh,0110h-016Fh,0190h-01EFh \
  -AABS1=020h-07Fh,0A0h-0EFh,0110h-016Fh,0190h-01EFh -ASFR0=00h-01Fh \
  -ASFR1=080h-09Fh -ASFR2=0100h-010Fh -ASFR3=0180h-018Fh \
  -ACONFIG=02007h-02008h -DCONFIG=2 -AIDLOC=02000h-02003h -DIDLOC=2 \
  -AEEDATA=00h-0FFh/02100h -peeprom_data=EEDATA -DEEDATA=2 -DCODE=2 \
  -DSTRCODE=2 -DSTRING=2 -DCONST=2 -DENTRY=2 \
  -preset_vec=00h,intentry,init,end_init -ppowerup=CODE -pcinit=CODE \
  -pfunctab=ENTRY -k \
  C:\Users\Asus\AppData\Local\Temp\xcAs3dg.\driver_tmp_12.o \
  dist/default/production\Seguridad.X.production.o 

Object code version is 3.11

Machine type is 16F887



                Name                               Link     Load   Length Selector   Space Scale
C:\Users\Asus\AppData\Local\Temp\xcAs3dg.\driver_tmp_12.o
                end_init                              0        0        3        0       0
                config                             2007     2007        2        0       4
dist/default/production\Seguridad.X.production.o
                cinit                               7E8      7E8       18      FD0       0
                config                             2007     2007        2        0       4
                text9                               5C4      5C4       36      B88       0
                text8                               514      514       10      A28       0
                text7                               59A      59A       2A      B34       0
                text6                               5FA      5FA       36      BF4       0
                text5                               558      558       1F      AB0       0
                text4                               577      577       23      AEE       0
                text3                               707      707       E1      E0E       0
                text2                               534      534       11      A68       0
                text1                               630      630       46      C60       0
                maintext                            676      676       91      CEC       0
                cstackBANK0                          20       20       13       20       1
                cstackCOMMON                         70       70        C       70       1
                inittext                            545      545       13      A8A       0
                dataBANK0                            33       33       10       20       1
                bssBANK0                             43       43        5       20       1
                bssCOMMON                            7C       7C        1       70       1
                strings                               3        3       41        6       0
                idataBANK0                          524      524       10      A48       0

TOTAL           Name                               Link     Load   Length     Space
        CLASS   CODE           
                end_init                              0        0        3         0
                cinit                               7E8      7E8       18         0
                text9                               5C4      5C4       36         0
                text8                               514      514       10         0
                text7                               59A      59A       2A         0
                text6                               5FA      5FA       36         0
                text5                               558      558       1F         0
                text4                               577      577       23         0
                text3                               707      707       E1         0
                text2                               534      534       11         0
                text1                               630      630       46         0
                maintext                            676      676       91         0
                inittext                            545      545       13         0
                idataBANK0                          524      524       10         0

        CLASS   STRCODE        

        CLASS   STRING         
                strings                               3        3       41         0

        CLASS   CONST          

        CLASS   ENTRY          

        CLASS   COMMON         
                cstackCOMMON                         70       70        C         1
                bssCOMMON                            7C       7C        1         1

        CLASS   BANK0          
                cstackBANK0                          20       20       13         1
                dataBANK0                            33       33       10         1
                bssBANK0                             43       43        5         1

        CLASS   BANK1          

        CLASS   BANK2          

        CLASS   BANK3          

        CLASS   RAM            

        CLASS   ABS1           
                abs_s1                               7E       7E        2         1

        CLASS   SFR0           

        CLASS   SFR1           

        CLASS   SFR2           

        CLASS   SFR3           

        CLASS   CONFIG         
                config                             2007     2007        2         4

        CLASS   IDLOC          

        CLASS   EEDATA         

        CLASS   STACK          



SEGMENTS        Name                           Load    Length   Top    Selector   Space  Class     Delta

                reset_vec                      000000  000003  000003         0       0  CODE        2
                strings                        000003  000041  000044         6       0  STRING      2
                cstackBANK0                    000020  000028  000048        20       1  BANK0       1
                cstackCOMMON                   000070  00000D  00007D        70       1  COMMON      1
                text8                          000514  000010  000524       A28       0  CODE        2
                idataBANK0                     000524  000010  000534       A48       0  CODE        2
                text2                          000534  000011  000545       A68       0  CODE        2
                inittext                       000545  000013  000558       A8A       0  CODE        2
                text5                          000558  00001F  000577       AB0       0  CODE        2
                text4                          000577  000023  00059A       AEE       0  CODE        2
                text7                          00059A  00002A  0005C4       B34       0  CODE        2
                text9                          0005C4  000036  0005FA       B88       0  CODE        2
                text6                          0005FA  000036  000630       BF4       0  CODE        2
                text1                          000630  000046  000676       C60       0  CODE        2
                maintext                       000676  000091  000707       CEC       0  CODE        2
                text3                          000707  0000E1  0007E8       E0E       0  CODE        2
                cinit                          0007E8  000018  000800       FD0       0  CODE        2


UNUSED ADDRESS RANGES

        Name                Unused          Largest block    Delta
        BANK0            0048-006F             28           1
        BANK1            00A0-00EF             50           1
        BANK2            0110-016F             60           1
        BANK3            0190-01EF             60           1
        CODE             0044-0513            4D0           2
                         0800-1FFF            800
        COMMON           007D-007D              1           1
        CONST            0044-0513            100           2
                         0800-1FFF            100
        EEDATA           2100-21FF            100           2
        ENTRY            0044-0513            100           2
                         0800-1FFF            100
        IDLOC            2000-2003              4           2
        RAM              0048-006F             28           1
                         00A0-00EF             50
                         0110-016F             60
                         0190-01EF             60
        SFR0             0000-001F             20           1
        SFR1             0080-009F             20           1
        SFR2             0100-010F             10           1
        SFR3             0180-018F             10           1
        STRCODE          0044-0513            4D0           2
                         0800-1FFF           1800
        STRING           0044-0513            100           2
                         0800-1FFF            100

                                  Symbol Table

?_strncmp                cstackCOMMON 0070
LCD_Char@dat             cstackCOMMON 0072
LCD_Command@cmd          cstackCOMMON 0072
LCD_String@msg           cstackCOMMON 0073
LCD_String_xy@location   cstackCOMMON 0077
LCD_String_xy@msg        cstackCOMMON 0075
LCD_String_xy@pos        cstackCOMMON 0074
LCD_String_xy@row        cstackCOMMON 0076
_ANSELH                  (abs)        0189
_LCD_Char                text6        05FA
_LCD_Clear               text8        0514
_LCD_Command             text9        05C4
_LCD_Init                text7        059A
_LCD_String              text5        0558
_LCD_String_xy           text4        0577
_OPTION_REGbits          (abs)        0081
_OSCCON                  (abs)        008F
_PORTB                   (abs)        0006
_PORTD                   (abs)        0008
_RD0                     (abs)        0040
_RD1                     (abs)        0041
_TRISB                   (abs)        0086
_TRISD                   (abs)        0088
_WPUB                    (abs)        0095
__H__absolute__          __absolute__ 0000
__Habs1                  abs1         0000
__Hbank0                 bank0        0000
__Hbank1                 bank1        0000
__Hbank2                 bank2        0000
__Hbank3                 bank3        0000
__HbssBANK0              bssBANK0     0000
__HbssCOMMON             bssCOMMON    0000
__Hcinit                 cinit        0800
__Hclrtext               clrtext      0000
__Hcode                  code         0000
__Hcommon                common       0000
__Hconfig                config       2009
__HcstackBANK0           cstackBANK0  0000
__HcstackCOMMON          cstackCOMMON 0000
__HdataBANK0             dataBANK0    0000
__Heeprom_data           eeprom_data  0000
__Hend_init              end_init     0003
__Hfunctab               functab      0000
__HidataBANK0            idataBANK0   0000
__Hinit                  init         0000
__Hinittext              inittext     0000
__Hintentry              intentry     0000
__Hmaintext              maintext     0000
__Hpowerup               powerup      0000
__Hram                   ram          0000
__Hreset_vec             reset_vec    0000
__Hsfr0                  sfr0         0000
__Hsfr1                  sfr1         0000
__Hsfr2                  sfr2         0000
__Hsfr3                  sfr3         0000
__Hspace_0               (abs)        0800
__Hspace_1               (abs)        007D
__Hspace_2               (abs)        0000
__Hspace_3               (abs)        0000
__Hspace_4               (abs)        4010
__Hstack                 stack        0000
__Hstrings               strings      0000
__Htext                  text         0000
__L__absolute__          __absolute__ 0000
__Labs1                  abs1         0000
__Lbank0                 bank0        0000
__Lbank1                 bank1        0000
__Lbank2                 bank2        0000
__Lbank3                 bank3        0000
__LbssBANK0              bssBANK0     0000
__LbssCOMMON             bssCOMMON    0000
__Lcinit                 cinit        07E8
__Lclrtext               clrtext      0000
__Lcode                  code         0000
__Lcommon                common       0000
__Lconfig                config       0000
__LcstackBANK0           cstackBANK0  0000
__LcstackCOMMON          cstackCOMMON 0000
__LdataBANK0             dataBANK0    0000
__Leeprom_data           eeprom_data  0000
__Lend_init              end_init     0000
__Lfunctab               functab      0000
__LidataBANK0            idataBANK0   0000
__Linit                  init         0000
__Linittext              inittext     0000
__Lintentry              intentry     0000
__Lmaintext              maintext     0000
__Lpowerup               powerup      0000
__Lram                   ram          0000
__Lreset_vec             reset_vec    0000
__Lsfr0                  sfr0         0000
__Lsfr1                  sfr1         0000
__Lsfr2                  sfr2         0000
__Lsfr3                  sfr3         0000
__Lspace_0               (abs)        0000
__Lspace_1               (abs)        0000
__Lspace_2               (abs)        0000
__Lspace_3               (abs)        0000
__Lspace_4               (abs)        0000
__Lstack                 stack        0000
__Lstrings               strings      0000
__Ltext                  text         0000
__S0                     (abs)        0800
__S1                     (abs)        007D
__S3                     (abs)        0000
___int_sp                stack        0000
___latbits               (abs)        0002
___sp                    stack        0000
___stackhi               (abs)        0000
___stacklo               (abs)        0000
__end_of_LCD_Char        text6        0630
__end_of_LCD_Clear       text8        0524
__end_of_LCD_Command     text9        05FA
__end_of_LCD_Init        text7        05C4
__end_of_LCD_String      text5        0577
__end_of_LCD_String_xy   text4        059A
__end_of__initialization cinit        07FC
__end_of__stringtab      strings      0009
__end_of_keypad_getkey   text3        07E8
__end_of_keypad_init     text2        0545
__end_of_main            maintext     0707
__end_of_password        strings      000E
__end_of_strncmp         text1        0676
__initialization         cinit        07E8
__pbssBANK0              bssBANK0     0043
__pbssCOMMON             bssCOMMON    007C
__pcstackBANK0           cstackBANK0  0020
__pcstackCOMMON          cstackCOMMON 0070
__pdataBANK0             dataBANK0    0033
__pidataBANK0            idataBANK0   0524
__pmaintext              maintext     0676
__pstrings               strings      0003
__ptext1                 text1        0630
__ptext2                 text2        0534
__ptext3                 text3        0707
__ptext4                 text4        0577
__ptext5                 text5        0558
__ptext6                 text6        05FA
__ptext7                 text7        059A
__ptext8                 text8        0514
__ptext9                 text9        05C4
__stringbase             strings      0008
__stringtab              strings      0003
_idx                     bssCOMMON    007C
_keypad_getkey           text3        0707
_keypad_init             text2        0534
_main                    maintext     0676
_pass_user               bssBANK0     0043
_password                strings      0009
_strncmp                 text1        0630
btemp                    (abs)        007E
end_of_initialization    cinit        07FC
init_fetch0              inittext     0545
init_ram0                inittext     0549
intlevel0                functab      0000
intlevel1                functab      0000
intlevel2                functab      0000
intlevel3                functab      0000
intlevel4                functab      0000
intlevel5                functab      0000
keypad_getkey@F1268      dataBANK0    0033
keypad_getkey@i          cstackBANK0  0031
keypad_getkey@letras     cstackBANK0  0020
keypad_getkey@valor      cstackBANK0  0030
main@key                 cstackCOMMON 007B
reset_vec                reset_vec    0000
start                    init         0000
start_initialization     cinit        07E8
strncmp@len              cstackCOMMON 0071
strncmp@s1               cstackCOMMON 0075
strncmp@s2               cstackCOMMON 0070
wtemp0                   (abs)        007E


MODULE INFORMATION

Module		Function		Class		Link	Load	Size
C:\Users\Asus\Desktop\MPLAB\pic\sources\c90\common\strncmp.c
		_strncmp       		CODE           	0630	0000	70

C:\Users\Asus\Desktop\MPLAB\pic\sources\c90\common\strncmp.c estimated size: 70

KEYPAD.c
		_keypad_init   		CODE           	0534	0000	17
		_keypad_getkey 		CODE           	0707	0000	225

KEYPAD.c estimated size: 242

MainSeguridad.c
		_main          		CODE           	0676	0000	145

MainSeguridad.c estimated size: 145

shared
		__stringtab    		STRING         	0003	0000	6
		_password      		STRING         	0009	0000	5
		__initialization		CODE           	07E8	0000	20

shared estimated size: 31

LCD.c
		_LCD_String    		CODE           	0558	0000	31
		_LCD_Init      		CODE           	059A	0000	42
		_LCD_Command   		CODE           	05C4	0000	54
		_LCD_String_xy 		CODE           	0577	0000	35
		_LCD_Char      		CODE           	05FA	0000	54
		_LCD_Clear     		CODE           	0514	0000	16

LCD.c estimated size: 232

